// Jest Snapshot v1, https://goo.gl/fbAQLP

exports[`DeleteRecipeModal Component should render correctly 1`] = `
<div
  aria-hidden="true"
  aria-labelledby="deleteModalLabel"
  className="modal fade"
  data-backdrop="static"
  id="deleteModal"
  role="dialog"
  style={
    Object {
      "display": "none",
    }
  }
  tabIndex="-1"
>
  <div
    className="modal-dialog"
    role="document"
  >
    <div
      className="modal-content"
    >
      <div
        className="modal-header black"
      >
        <h5
          className="modal-title black"
          id="deleteModalLabel"
        >
          Delete recipe
        </h5>
        <button
          aria-label="Close"
          className="close"
          data-dismiss="modal"
          type="button"
        >
          <span
            aria-hidden="true"
          >
            Ã—
          </span>
        </button>
      </div>
      <div
        className="modal-body"
      >
        This action cannot be reversed, proceed with caution.
      </div>
      <div
        className="modal-footer"
      >
        <button
          className="btn btn-danger"
          id="deleteButton"
          type="button"
        >
          Delete
        </button>
        <button
          className="btn btn-secondary"
          data-dismiss="modal"
          type="button"
        >
          Close
        </button>
      </div>
    </div>
  </div>
</div>
`;
