// Jest Snapshot v1, https://goo.gl/fbAQLP

exports[`AboutSection Component should render correctly 1`] = `
<div
  className="container"
>
  <section
    className="section-about"
    id="About"
  >
    <div>
      <p>
        <span
          className="about"
        >
          More-Recipes
        </span>
         provides a platform for users to share the awesome and exciting recipe ideas they have invented or learnt. Suppose a user comes up with a food recipe, he/she can post it on More-Recipes and get feedback in form of reviews and votes from other users who explore that recipe. Users can also keep a list of their favorite recipes on the application.
      </p>
    </div>
    <div
      className="row"
    >
      <div
        className="col-md-6 col-sm-3"
      >
        <img
          alt="recipe"
          className="img-fluid"
          src="test"
        />
      </div>
      <div
        className="col-md-6 col-sm-3"
      >
        <img
          alt="recipe"
          className="img-fluid"
          src="test"
        />
      </div>
    </div>
  </section>
</div>
`;
