// Jest Snapshot v1, https://goo.gl/fbAQLP

exports[`SignupPage component should render correctly 1`] = `
<SignupPage
  actions={
    Object {
      "resetUserError": [Function],
      "signUpAction": [Function],
    }
  }
  error={null}
  response={null}
>
  <div>
    <Header>
      <header>
        <nav
          className="navbar navbar-expand-lg navbar-dark"
          style={
            Object {
              "backgroundColor": "#2b3034",
            }
          }
        >
          <a
            className="navbar-brand"
            href="/"
          >
            More-Recipes
          </a>
          <button
            aria-controls="navbarSupportedContent"
            aria-expanded="false"
            aria-label="Toggle navigation"
            className="navbar-toggler"
            data-target="#navbarSupportedContent"
            data-toggle="collapse"
            type="button"
          >
            <span
              className="navbar-toggler-icon"
            />
          </button>
          <div
            className="collapse navbar-collapse"
            id="navbarSupportedContent"
          >
            <ul
              className="navbar-nav ml-auto"
            >
              <li
                className="nav-item"
              >
                <Link
                  className="nav-link"
                  onlyActiveOnIndex={false}
                  style={Object {}}
                  to="/signin"
                >
                  <a
                    className="nav-link"
                    onClick={[Function]}
                    style={Object {}}
                  >
                    Login
                  </a>
                </Link>
              </li>
            </ul>
          </div>
        </nav>
      </header>
    </Header>
    <Form
      handleSubmit={[Function]}
      onChange={[Function]}
      onFocus={[Function]}
      value={
        Object {
          "confirmPassword": "",
          "confirmPasswordError": "",
          "email": "",
          "emailError": "",
          "error": "",
          "password": "",
          "username": "",
          "usernameError": "",
        }
      }
    >
      <div
        className="container"
      >
        <div
          className="pt-5"
          style={
            Object {
              "textAlign": "center",
            }
          }
        >
          <form
            className="m-x-auto form card"
            onSubmit={[Function]}
          >
            <h1
              className="signin-text"
            >
              More-Recipes
            </h1>
            <div
              className="pb-4 pt-3 form-group"
            >
              <input
                className="form-control"
                name="username"
                onChange={[Function]}
                onFocus={[Function]}
                placeholder="Username"
                required={true}
                type="text"
              />
            </div>
            <div
              className="pb-4 form-group"
            >
              <input
                className="form-control"
                name="email"
                onChange={[Function]}
                onFocus={[Function]}
                placeholder="Email"
                required={true}
                type="email"
              />
            </div>
            <div
              className="pb-4 form-group"
            >
              <input
                className="form-control"
                id="pass"
                name="password"
                onChange={[Function]}
                onFocus={[Function]}
                pattern=".{7,12}"
                placeholder="Password"
                required={true}
                title="7 to 12 characters"
                type="password"
              />
            </div>
            <div
              className="pb-4 form-group"
            >
              <input
                className="form-control"
                name="confirmPassword"
                onChange={[Function]}
                onFocus={[Function]}
                placeholder="Confirm Password"
                required={true}
                type="password"
              />
            </div>
            <button
              className="btn signin-btn btn-lg"
              style={
                Object {
                  "color": "#f2b43c",
                }
              }
              type="submit"
            >
              Create Account
            </button>
            <div
              className="form-group"
            >
              <p>
                Already have an account? 
                <a
                  href="/signin"
                >
                  Log in.
                </a>
              </p>
            </div>
          </form>
        </div>
      </div>
    </Form>
    <Footer>
      <footer
        className="footer-section"
        id="footer-below"
      >
        <div
          className="container"
        >
          <strong
            className="copyright"
          >
            More-Recipes Â© 2018, All Rights Reserved, Design & Developed By: SannyTee
          </strong>
        </div>
      </footer>
    </Footer>
  </div>
</SignupPage>
`;
